2021-01-18T16:00:20.338+0800: [GC (Allocation Failure) [ParNew: 139776K->17471K(157248K), 0.0094798 secs] 139776K->47305K(506816K), 0.0097261 secs] [Times: user=0.05 sys=0.02, real=0.01 secs]
2021-01-18T16:00:20.384+0800: [GC (Allocation Failure) [ParNew: 157247K->17470K(157248K), 0.0112998 secs] 187081K->92402K(506816K), 0.0114734 secs] [Times: user=0.03 sys=0.03, real=0.01 secs]
2021-01-18T16:00:20.421+0800: [GC (Allocation Failure) [ParNew: 157246K->17472K(157248K), 0.0208907 secs] 232178K->137872K(506816K), 0.0210236 secs] [Times: user=0.05 sys=0.00, real=0.02 secs]
2021-01-18T16:00:20.469+0800: [GC (Allocation Failure) [ParNew: 157248K->17472K(157248K), 0.0192454 secs] 277648K->182366K(506816K), 0.0194456 secs] [Times: user=0.03 sys=0.01, real=0.02 secs]
2021-01-18T16:00:20.511+0800: [GC (Allocation Failure) [ParNew: 157145K->17465K(157248K), 0.0218029 secs] 322040K->228501K(506816K), 0.0220065 secs] [Times: user=0.08 sys=0.03, real=0.02 secs]
2021-01-18T16:00:20.534+0800: [GC (CMS Initial Mark) [1 CMS-initial-mark: 211035K(349568K)] 228829K(506816K), 0.0006333 secs] [Times: user=0.00 sys=0.00, real=0.00 secs]
2021-01-18T16:00:20.535+0800: [CMS-concurrent-mark-start]
2021-01-18T16:00:20.539+0800: [CMS-concurrent-mark: 0.003/0.003 secs] [Times: user=0.00 sys=0.00, real=0.00 secs]
2021-01-18T16:00:20.540+0800: [CMS-concurrent-preclean-start]
2021-01-18T16:00:20.541+0800: [CMS-concurrent-preclean: 0.000/0.000 secs] [Times: user=0.00 sys=0.00, real=0.00 secs]
2021-01-18T16:00:20.541+0800: [CMS-concurrent-abortable-preclean-start]
2021-01-18T16:00:20.563+0800: [GC (Allocation Failure) [ParNew: 157241K->17470K(157248K), 0.0216730 secs] 368277K->275284K(506816K), 0.0218621 secs] [Times: user=0.03 sys=0.02, real=0.02 secs]
2021-01-18T16:00:20.612+0800: [GC (Allocation Failure) [ParNew: 156739K->17470K(157248K), 0.0219383 secs] 414553K->321060K(506816K), 0.0221017 secs] [Times: user=0.00 sys=0.03, real=0.02 secs]
2021-01-18T16:00:20.657+0800: [GC (Allocation Failure) [ParNew: 157246K->157246K(157248K), 0.0000988 secs][CMS2021-01-18T16:00:20.658+0800: [CMS-concurrent-abortable-preclean: 0.003/0.113 secs] [Times: user=0.11 sys=0.05, real=0.12 secs]
 (concurrent mode failure): 303589K->264224K(349568K), 0.0489976 secs] 460836K->264224K(506816K), [Metaspace: 2619K->2619K(1056768K)], 0.0493553 secs] [Times: user=0.05 sys=0.00, real=0.05 secs]
2021-01-18T16:00:20.727+0800: [GC (Allocation Failure) [ParNew: 139768K->17472K(157248K), 0.0102951 secs] 403993K->311637K(506816K), 0.0104221 secs] [Times: user=0.06 sys=0.00, real=0.01 secs]
2021-01-18T16:00:20.738+0800: [GC (CMS Initial Mark) [1 CMS-initial-mark: 294165K(349568K)] 312020K(506816K), 0.0002109 secs] [Times: user=0.00 sys=0.00, real=0.00 secs]
2021-01-18T16:00:20.739+0800: [CMS-concurrent-mark-start]
2021-01-18T16:00:20.741+0800: [CMS-concurrent-mark: 0.002/0.002 secs] [Times: user=0.00 sys=0.00, real=0.00 secs]
2021-01-18T16:00:20.741+0800: [CMS-concurrent-preclean-start]
2021-01-18T16:00:20.742+0800: [CMS-concurrent-preclean: 0.000/0.000 secs] [Times: user=0.00 sys=0.00, real=0.00 secs]
2021-01-18T16:00:20.743+0800: [CMS-concurrent-abortable-preclean-start]
2021-01-18T16:00:20.761+0800: [GC (Allocation Failure) [ParNew: 157248K->17472K(157248K), 0.0184060 secs] 451413K->354940K(506816K), 0.0185499 secs] [Times: user=0.13 sys=0.00, real=0.02 secs]
2021-01-18T16:00:20.780+0800: [CMS-concurrent-abortable-preclean: 0.000/0.037 secs] [Times: user=0.14 sys=0.00, real=0.04 secs]
2021-01-18T16:00:20.781+0800: [GC (CMS Final Remark) [YG occupancy: 21587 K (157248 K)][Rescan (parallel) , 0.0002519 secs][weak refs processing, 0.0000386 secs][class unloading, 0.0002182 secs][scrub symbol table, 0.0004095 secs][scrub string table, 0.0001714 secs][1 CMS-remark: 337468K(349568K)] 359056K(506816K), 0.0017523 secs] [Times: user=0.00 sys=0.00, real=0.00 secs]
2021-01-18T16:00:20.784+0800: [CMS-concurrent-sweep-start]
2021-01-18T16:00:20.785+0800: [CMS-concurrent-sweep: 0.001/0.001 secs] [Times: user=0.00 sys=0.00, real=0.00 secs]
2021-01-18T16:00:20.785+0800: [CMS-concurrent-reset-start]
2021-01-18T16:00:20.786+0800: [CMS-concurrent-reset: 0.000/0.000 secs] [Times: user=0.00 sys=0.00, real=0.00 secs]
2021-01-18T16:00:20.804+0800: [GC (Allocation Failure) [ParNew: 157248K->157248K(157248K), 0.0000942 secs][CMS: 305643K->304886K(349568K), 0.0516382 secs] 462891K->304886K(506816K), [Metaspace: 2619K->2619K(1056768K)], 0.0519995 secs] [Times: user=0.06 sys=0.00, real=0.05 secs]
2021-01-18T16:00:20.857+0800: [GC (CMS Initial Mark) [1 CMS-initial-mark: 304886K(349568K)] 305140K(506816K), 0.0002642 secs] [Times: user=0.00 sys=0.00, real=0.00 secs]
2021-01-18T16:00:20.858+0800: [CMS-concurrent-mark-start]
2021-01-18T16:00:20.861+0800: [CMS-concurrent-mark: 0.002/0.002 secs] [Times: user=0.00 sys=0.00, real=0.00 secs]
2021-01-18T16:00:20.861+0800: [CMS-concurrent-preclean-start]
2021-01-18T16:00:20.862+0800: [CMS-concurrent-preclean: 0.000/0.000 secs] [Times: user=0.00 sys=0.00, real=0.00 secs]
2021-01-18T16:00:20.862+0800: [CMS-concurrent-abortable-preclean-start]
2021-01-18T16:00:20.881+0800: [GC (Allocation Failure) [ParNew: 139776K->17471K(157248K), 0.0083069 secs] 444662K->352965K(506816K), 0.0085486 secs] [Times: user=0.06 sys=0.00, real=0.01 secs]
2021-01-18T16:00:20.890+0800: [CMS-concurrent-abortable-preclean: 0.000/0.027 secs] [Times: user=0.08 sys=0.00, real=0.03 secs]
2021-01-18T16:00:20.891+0800: [GC (CMS Final Remark) [YG occupancy: 26298 K (157248 K)][Rescan (parallel) , 0.0002734 secs][weak refs processing, 0.0000404 secs][class unloading, 0.0002547 secs][scrub symbol table, 0.0004990 secs][scrub string table, 0.0001848 secs][1 CMS-remark: 335493K(349568K)] 361792K(506816K), 0.0020670 secs] [Times: user=0.00 sys=0.00, real=0.00 secs]
2021-01-18T16:00:20.894+0800: [CMS-concurrent-sweep-start]
2021-01-18T16:00:20.895+0800: [CMS-concurrent-sweep: 0.001/0.001 secs] [Times: user=0.00 sys=0.00, real=0.00 secs]
2021-01-18T16:00:20.895+0800: [CMS-concurrent-reset-start]
2021-01-18T16:00:20.896+0800: [CMS-concurrent-reset: 0.000/0.000 secs] [Times: user=0.00 sys=0.00, real=0.00 secs]
2021-01-18T16:00:20.914+0800: [GC (Allocation Failure) [ParNew: 157247K->157247K(157248K), 0.0001112 secs][CMS: 333939K->326380K(349568K), 0.0512730 secs] 491187K->326380K(506816K), [Metaspace: 2619K->2619K(1056768K)], 0.0516383 secs] [Times: user=0.06 sys=0.00, real=0.05 secs]
2021-01-18T16:00:20.968+0800: [GC (CMS Initial Mark) [1 CMS-initial-mark: 326380K(349568K)] 326980K(506816K), 0.0002041 secs] [Times: user=0.00 sys=0.00, real=0.00 secs]
2021-01-18T16:00:20.969+0800: [CMS-concurrent-mark-start]
2021-01-18T16:00:20.971+0800: [CMS-concurrent-mark: 0.002/0.002 secs] [Times: user=0.00 sys=0.00, real=0.00 secs]
2021-01-18T16:00:20.972+0800: [CMS-concurrent-preclean-start]
2021-01-18T16:00:20.973+0800: [CMS-concurrent-preclean: 0.000/0.000 secs] [Times: user=0.00 sys=0.00, real=0.00 secs]
2021-01-18T16:00:20.973+0800: [CMS-concurrent-abortable-preclean-start]
2021-01-18T16:00:20.974+0800: [CMS-concurrent-abortable-preclean: 0.000/0.000 secs] [Times: user=0.00 sys=0.00, real=0.00 secs]
2021-01-18T16:00:20.974+0800: [GC (CMS Final Remark) [YG occupancy: 33739 K (157248 K)][Rescan (parallel) , 0.0003085 secs][weak refs processing, 0.0000400 secs][class unloading, 0.0003055 secs][scrub symbol table, 0.0005617 secs][scrub string table, 0.0002137 secs][1 CMS-remark: 326380K(349568K)] 360119K(506816K), 0.0050748 secs] [Times: user=0.00 sys=0.00, real=0.01 secs]
2021-01-18T16:00:20.982+0800: [CMS-concurrent-sweep-start]
2021-01-18T16:00:20.983+0800: [CMS-concurrent-sweep: 0.001/0.001 secs] [Times: user=0.00 sys=0.00, real=0.00 secs]
2021-01-18T16:00:20.983+0800: [CMS-concurrent-reset-start]
2021-01-18T16:00:20.984+0800: [CMS-concurrent-reset: 0.000/0.000 secs] [Times: user=0.00 sys=0.00, real=0.00 secs]
2021-01-18T16:00:21.000+0800: [GC (Allocation Failure) [ParNew: 139776K->139776K(157248K), 0.0001533 secs][CMS: 325581K->332012K(349568K), 0.0533436 secs] 465357K->332012K(506816K), [Metaspace: 2619K->2619K(1056768K)], 0.0541513 secs] [Times: user=0.05 sys=0.00, real=0.05 secs]
2021-01-18T16:00:21.056+0800: [GC (CMS Initial Mark) [1 CMS-initial-mark: 332012K(349568K)] 332084K(506816K), 0.0004223 secs] [Times: user=0.00 sys=0.00, real=0.00 secs]
2021-01-18T16:00:21.057+0800: [CMS-concurrent-mark-start]
2021-01-18T16:00:21.059+0800: [CMS-concurrent-mark: 0.002/0.002 secs] [Times: user=0.01 sys=0.00, real=0.00 secs]
2021-01-18T16:00:21.060+0800: [CMS-concurrent-preclean-start]
2021-01-18T16:00:21.061+0800: [CMS-concurrent-preclean: 0.001/0.001 secs] [Times: user=0.00 sys=0.00, real=0.00 secs]
2021-01-18T16:00:21.062+0800: [CMS-concurrent-abortable-preclean-start]
2021-01-18T16:00:21.062+0800: [CMS-concurrent-abortable-preclean: 0.000/0.000 secs] [Times: user=0.00 sys=0.00, real=0.00 secs]
2021-01-18T16:00:21.066+0800: [GC (CMS Final Remark) [YG occupancy: 51685 K (157248 K)][Rescan (parallel) , 0.0003093 secs][weak refs processing, 0.0000740 secs][class unloading, 0.0002476 secs][scrub symbol table, 0.0004010 secs][scrub string table, 0.0002055 secs][1 CMS-remark: 332012K(349568K)] 383698K(506816K), 0.0020971 secs] [Times: user=0.00 sys=0.00, real=0.00 secs]
2021-01-18T16:00:21.073+0800: [CMS-concurrent-sweep-start]
2021-01-18T16:00:21.074+0800: [CMS-concurrent-sweep: 0.001/0.001 secs] [Times: user=0.00 sys=0.00, real=0.00 secs]
2021-01-18T16:00:21.074+0800: [CMS-concurrent-reset-start]
2021-01-18T16:00:21.078+0800: [CMS-concurrent-reset: 0.000/0.000 secs] [Times: user=0.02 sys=0.00, real=0.00 secs]
2021-01-18T16:00:21.090+0800: [GC (Allocation Failure) [ParNew: 139776K->139776K(157248K), 0.0002325 secs][CMS: 330869K->334423K(349568K), 0.0576500 secs] 470645K->334423K(506816K), [Metaspace: 2619K->2619K(1056768K)], 0.0583496 secs] [Times: user=0.05 sys=0.00, real=0.06 secs]
2021-01-18T16:00:21.149+0800: [GC (CMS Initial Mark) [1 CMS-initial-mark: 334423K(349568K)] 334495K(506816K), 0.0002729 secs] [Times: user=0.00 sys=0.00, real=0.00 secs]
2021-01-18T16:00:21.150+0800: [CMS-concurrent-mark-start]
2021-01-18T16:00:21.153+0800: [CMS-concurrent-mark: 0.002/0.002 secs] [Times: user=0.03 sys=0.00, real=0.00 secs]
2021-01-18T16:00:21.153+0800: [CMS-concurrent-preclean-start]
2021-01-18T16:00:21.155+0800: [CMS-concurrent-preclean: 0.000/0.000 secs] [Times: user=0.00 sys=0.00, real=0.00 secs]
2021-01-18T16:00:21.155+0800: [CMS-concurrent-abortable-preclean-start]
2021-01-18T16:00:21.155+0800: [CMS-concurrent-abortable-preclean: 0.000/0.000 secs] [Times: user=0.00 sys=0.00, real=0.00 secs]
2021-01-18T16:00:21.156+0800: [GC (CMS Final Remark) [YG occupancy: 42183 K (157248 K)][Rescan (parallel) , 0.0023050 secs][weak refs processing, 0.0000872 secs][class unloading, 0.0002984 secs][scrub symbol table, 0.0004872 secs][scrub string table, 0.0001909 secs][1 CMS-remark: 334423K(349568K)] 376607K(506816K), 0.0071507 secs] [Times: user=0.00 sys=0.00, real=0.01 secs]
2021-01-18T16:00:21.164+0800: [CMS-concurrent-sweep-start]
2021-01-18T16:00:21.165+0800: [CMS-concurrent-sweep: 0.001/0.001 secs] [Times: user=0.00 sys=0.00, real=0.00 secs]
2021-01-18T16:00:21.166+0800: [CMS-concurrent-reset-start]
2021-01-18T16:00:21.167+0800: [CMS-concurrent-reset: 0.000/0.000 secs] [Times: user=0.00 sys=0.00, real=0.00 secs]
2021-01-18T16:00:21.180+0800: [GC (Allocation Failure) [ParNew: 139367K->139367K(157248K), 0.0002154 secs][CMS: 332655K->337322K(349568K), 0.0542603 secs] 472023K->337322K(506816K), [Metaspace: 2619K->2619K(1056768K)], 0.0550048 secs] [Times: user=0.06 sys=0.00, real=0.06 secs]
2021-01-18T16:00:21.237+0800: [GC (CMS Initial Mark) [1 CMS-initial-mark: 337322K(349568K)] 338088K(506816K), 0.0003271 secs] [Times: user=0.00 sys=0.00, real=0.00 secs]
2021-01-18T16:00:21.238+0800: [CMS-concurrent-mark-start]
2021-01-18T16:00:21.240+0800: [CMS-concurrent-mark: 0.002/0.002 secs] [Times: user=0.00 sys=0.00, real=0.00 secs]
2021-01-18T16:00:21.241+0800: [CMS-concurrent-preclean-start]
2021-01-18T16:00:21.242+0800: [CMS-concurrent-preclean: 0.000/0.000 secs] [Times: user=0.00 sys=0.00, real=0.00 secs]
2021-01-18T16:00:21.242+0800: [CMS-concurrent-abortable-preclean-start]
2021-01-18T16:00:21.243+0800: [CMS-concurrent-abortable-preclean: 0.000/0.000 secs] [Times: user=0.00 sys=0.00, real=0.00 secs]
2021-01-18T16:00:21.244+0800: [GC (CMS Final Remark) [YG occupancy: 33558 K (157248 K)][Rescan (parallel) , 0.0002808 secs][weak refs processing, 0.0001326 secs][class unloading, 0.0002393 secs][scrub symbol table, 0.0004041 secs][scrub string table, 0.0001765 secs][1 CMS-remark: 337322K(349568K)] 370881K(506816K), 0.0081796 secs] [Times: user=0.00 sys=0.00, real=0.01 secs]
2021-01-18T16:00:21.253+0800执行结束!共生成对象次数:8522:
[CMS-concurrent-sweep-start]
Heap
 par new generation   total 157248K, used 36354K [0x00000000e0000000, 0x00000000eaaa0000, 0x00000000eaaa0000)
  eden space 139776K,  26% used [0x00000000e0000000, 0x00000000e2380b80, 0x00000000e8880000)
  from space 17472K,   0% used [0x00000000e8880000, 0x00000000e8880000, 0x00000000e9990000)
  to  2021-01-18T16:00:21.256+0800:  space 17472K,   0% used [0x00000000e9990000, 0x00000000e9990000, 0x00000000eaaa0000)
[CMS-concurrent-sweep: 0.001/0.001 secs] concurrent mark-sweep generation [Times: user=0.00 sys=0.00, real=0.00 secs]
 total 349568K, used 334162K [0x00000000eaaa0000, 0x0000000100000000, 0x0000000100000000)
 Metaspace       used 2626K, capacity 4486K, committed 4864K, reserved 1056768K
  class space    used 283K, capacity 386K, committed 512K, reserved 1048576K
2021-01-18T16:00:21.258+0800: [CMS-concurrent-reset-start]