2021-01-18T16:02:42.042+0800: [GC pause (G1 Evacuation Pause) (young), 0.0027722 secs]
   [Parallel Time: 1.7 ms, GC Workers: 4]
      [GC Worker Start (ms): Min: 147.7, Avg: 147.7, Max: 147.8, Diff: 0.1]
      [Ext Root Scanning (ms): Min: 0.2, Avg: 0.2, Max: 0.2, Diff: 0.0, Sum: 0.8]
      [Update RS (ms): Min: 0.0, Avg: 0.0, Max: 0.0, Diff: 0.0, Sum: 0.0]
         [Processed Buffers: Min: 0, Avg: 0.0, Max: 0, Diff: 0, Sum: 0]
      [Scan RS (ms): Min: 0.0, Avg: 0.0, Max: 0.0, Diff: 0.0, Sum: 0.0]
      [Code Root Scanning (ms): Min: 0.0, Avg: 0.0, Max: 0.0, Diff: 0.0, Sum: 0.0]
      [Object Copy (ms): Min: 1.3, Avg: 1.3, Max: 1.4, Diff: 0.1, Sum: 5.3]
      [Termination (ms): Min: 0.0, Avg: 0.1, Max: 0.1, Diff: 0.1, Sum: 0.3]
      [GC Worker Other (ms): Min: 0.0, Avg: 0.0, Max: 0.0, Diff: 0.0, Sum: 0.1]
      [GC Worker Total (ms): Min: 1.6, Avg: 1.6, Max: 1.6, Diff: 0.1, Sum: 6.4]
      [GC Worker End (ms): Min: 149.3, Avg: 149.4, Max: 149.4, Diff: 0.0]
   [Code Root Fixup: 0.0 ms]
   [Code Root Purge: 0.0 ms]
   [Clear CT: 0.0 ms]
   [Other: 1.0 ms]
      [Choose CSet: 0.0 ms]
      [Ref Proc: 0.1 ms]
      [Ref Enq: 0.0 ms]
      [Redirty Cards: 0.0 ms]
      [Humongous Reclaim: 0.0 ms]
      [Free CSet: 0.0 ms]
   [Eden: 25.0M(25.0M)->0.0B(21.0M) Survivors: 0.0B->4096.0K Heap: 33.3M(512.0M)->13.1M(512.0M)]
 [Times: user=0.00 sys=0.00, real=0.02 secs]
2021-01-18T16:02:42.072+0800: [GC pause (G1 Evacuation Pause) (young), 0.0023996 secs]
   [Parallel Time: 1.9 ms, GC Workers: 4]
      [GC Worker Start (ms): Min: 176.9, Avg: 177.1, Max: 177.6, Diff: 0.7]
      [Ext Root Scanning (ms): Min: 0.0, Avg: 0.1, Max: 0.2, Diff: 0.2, Sum: 0.5]
      [Update RS (ms): Min: 0.0, Avg: 0.0, Max: 0.0, Diff: 0.0, Sum: 0.0]
         [Processed Buffers: Min: 0, Avg: 0.0, Max: 0, Diff: 0, Sum: 0]
      [Scan RS (ms): Min: 0.0, Avg: 0.0, Max: 0.0, Diff: 0.0, Sum: 0.0]
      [Code Root Scanning (ms): Min: 0.0, Avg: 0.0, Max: 0.0, Diff: 0.0, Sum: 0.0]
      [Object Copy (ms): Min: 1.1, Avg: 1.4, Max: 1.5, Diff: 0.4, Sum: 5.7]
      [Termination (ms): Min: 0.0, Avg: 0.1, Max: 0.2, Diff: 0.2, Sum: 0.4]
      [GC Worker Other (ms): Min: 0.0, Avg: 0.0, Max: 0.0, Diff: 0.0, Sum: 0.0]
      [GC Worker Total (ms): Min: 1.1, Avg: 1.7, Max: 1.8, Diff: 0.7, Sum: 6.6]
      [GC Worker End (ms): Min: 178.7, Avg: 178.7, Max: 178.7, Diff: 0.0]
   [Code Root Fixup: 0.0 ms]
   [Code Root Purge: 0.0 ms]
   [Clear CT: 0.0 ms]
   [Other: 0.5 ms]
      [Choose CSet: 0.0 ms]
      [Ref Proc: 0.0 ms]
      [Ref Enq: 0.0 ms]
      [Redirty Cards: 0.0 ms]
      [Humongous Reclaim: 0.0 ms]
      [Free CSet: 0.0 ms]
   [Eden: 21.0M(21.0M)->0.0B(25.0M) Survivors: 4096.0K->4096.0K Heap: 36.0M(512.0M)->19.9M(512.0M)]
 [Times: user=0.00 sys=0.00, real=0.03 secs]
2021-01-18T16:02:42.116+0800: [GC pause (G1 Evacuation Pause) (young), 0.0032109 secs]
   [Parallel Time: 2.3 ms, GC Workers: 4]
      [GC Worker Start (ms): Min: 220.9, Avg: 221.0, Max: 221.1, Diff: 0.2]
      [Ext Root Scanning (ms): Min: 0.0, Avg: 0.1, Max: 0.2, Diff: 0.2, Sum: 0.4]
      [Update RS (ms): Min: 0.4, Avg: 0.6, Max: 1.1, Diff: 0.7, Sum: 2.3]
         [Processed Buffers: Min: 1, Avg: 1.5, Max: 2, Diff: 1, Sum: 6]
      [Scan RS (ms): Min: 0.0, Avg: 0.0, Max: 0.0, Diff: 0.0, Sum: 0.0]
      [Code Root Scanning (ms): Min: 0.0, Avg: 0.0, Max: 0.0, Diff: 0.0, Sum: 0.0]
      [Object Copy (ms): Min: 1.0, Avg: 1.5, Max: 1.6, Diff: 0.7, Sum: 5.8]
      [Termination (ms): Min: 0.0, Avg: 0.0, Max: 0.1, Diff: 0.1, Sum: 0.1]
      [GC Worker Other (ms): Min: 0.0, Avg: 0.0, Max: 0.0, Diff: 0.0, Sum: 0.0]
      [GC Worker Total (ms): Min: 2.0, Avg: 2.2, Max: 2.2, Diff: 0.2, Sum: 8.7]
      [GC Worker End (ms): Min: 223.2, Avg: 223.2, Max: 223.2, Diff: 0.0]
   [Code Root Fixup: 0.0 ms]
   [Code Root Purge: 0.0 ms]
   [Clear CT: 0.1 ms]
   [Other: 0.8 ms]
      [Choose CSet: 0.0 ms]
      [Ref Proc: 0.0 ms]
      [Ref Enq: 0.0 ms]
      [Redirty Cards: 0.1 ms]
      [Humongous Reclaim: 0.0 ms]
      [Free CSet: 0.0 ms]
   [Eden: 25.0M(25.0M)->0.0B(40.0M) Survivors: 4096.0K->4096.0K Heap: 51.2M(512.0M)->32.1M(512.0M)]
 [Times: user=0.00 sys=0.00, real=0.02 secs]
2021-01-18T16:02:42.151+0800: [GC pause (G1 Evacuation Pause) (young), 0.0034787 secs]
   [Parallel Time: 2.6 ms, GC Workers: 4]
      [GC Worker Start (ms): Min: 255.8, Avg: 255.8, Max: 255.8, Diff: 0.0]
      [Ext Root Scanning (ms): Min: 0.1, Avg: 0.1, Max: 0.2, Diff: 0.0, Sum: 0.6]
      [Update RS (ms): Min: 0.1, Avg: 0.1, Max: 0.1, Diff: 0.0, Sum: 0.3]
         [Processed Buffers: Min: 1, Avg: 1.8, Max: 3, Diff: 2, Sum: 7]
      [Scan RS (ms): Min: 0.0, Avg: 0.0, Max: 0.0, Diff: 0.0, Sum: 0.1]
      [Code Root Scanning (ms): Min: 0.0, Avg: 0.0, Max: 0.0, Diff: 0.0, Sum: 0.0]
      [Object Copy (ms): Min: 2.3, Avg: 2.3, Max: 2.3, Diff: 0.0, Sum: 9.2]
      [Termination (ms): Min: 0.0, Avg: 0.0, Max: 0.1, Diff: 0.1, Sum: 0.1]
      [GC Worker Other (ms): Min: 0.0, Avg: 0.0, Max: 0.0, Diff: 0.0, Sum: 0.0]
      [GC Worker Total (ms): Min: 2.5, Avg: 2.6, Max: 2.6, Diff: 0.0, Sum: 10.2]
      [GC Worker End (ms): Min: 258.3, Avg: 258.3, Max: 258.4, Diff: 0.0]
   [Code Root Fixup: 0.0 ms]
   [Code Root Purge: 0.0 ms]
   [Clear CT: 0.1 ms]
   [Other: 0.8 ms]
      [Choose CSet: 0.0 ms]
      [Ref Proc: 0.1 ms]
      [Ref Enq: 0.0 ms]
      [Redirty Cards: 0.1 ms]
      [Humongous Reclaim: 0.0 ms]
      [Free CSet: 0.0 ms]
   [Eden: 40.0M(40.0M)->0.0B(65.0M) Survivors: 4096.0K->6144.0K Heap: 81.3M(512.0M)->48.8M(512.0M)]
 [Times: user=0.00 sys=0.00, real=0.02 secs]
2021-01-18T16:02:42.194+0800: [GC pause (G1 Evacuation Pause) (young), 0.0067548 secs]
   [Parallel Time: 5.8 ms, GC Workers: 4]
      [GC Worker Start (ms): Min: 299.3, Avg: 299.3, Max: 299.3, Diff: 0.0]
      [Ext Root Scanning (ms): Min: 0.2, Avg: 0.2, Max: 0.2, Diff: 0.0, Sum: 0.7]
      [Update RS (ms): Min: 0.1, Avg: 0.1, Max: 0.1, Diff: 0.0, Sum: 0.4]
         [Processed Buffers: Min: 1, Avg: 2.0, Max: 3, Diff: 2, Sum: 8]
      [Scan RS (ms): Min: 0.0, Avg: 0.0, Max: 0.0, Diff: 0.0, Sum: 0.1]
      [Code Root Scanning (ms): Min: 0.0, Avg: 0.0, Max: 0.0, Diff: 0.0, Sum: 0.0]
      [Object Copy (ms): Min: 5.3, Avg: 5.4, Max: 5.4, Diff: 0.1, Sum: 21.5]
      [Termination (ms): Min: 0.0, Avg: 0.1, Max: 0.2, Diff: 0.2, Sum: 0.3]
      [GC Worker Other (ms): Min: 0.0, Avg: 0.0, Max: 0.0, Diff: 0.0, Sum: 0.0]
      [GC Worker Total (ms): Min: 5.7, Avg: 5.8, Max: 5.8, Diff: 0.0, Sum: 23.0]
      [GC Worker End (ms): Min: 305.0, Avg: 305.1, Max: 305.1, Diff: 0.0]
   [Code Root Fixup: 0.0 ms]
   [Code Root Purge: 0.0 ms]
   [Clear CT: 0.0 ms]
   [Other: 0.9 ms]
      [Choose CSet: 0.0 ms]
      [Ref Proc: 0.1 ms]
      [Ref Enq: 0.0 ms]
      [Redirty Cards: 0.0 ms]
      [Humongous Reclaim: 0.0 ms]
      [Free CSet: 0.0 ms]
   [Eden: 65.0M(65.0M)->0.0B(62.0M) Survivors: 6144.0K->9216.0K Heap: 126.5M(512.0M)->75.3M(512.0M)]
 [Times: user=0.00 sys=0.00, real=0.04 secs]
2021-01-18T16:02:42.250+0800: [GC pause (G1 Evacuation Pause) (young), 0.0053055 secs]
   [Parallel Time: 4.1 ms, GC Workers: 4]
      [GC Worker Start (ms): Min: 355.7, Avg: 355.8, Max: 355.8, Diff: 0.1]
      [Ext Root Scanning (ms): Min: 0.1, Avg: 0.1, Max: 0.2, Diff: 0.1, Sum: 0.5]
      [Update RS (ms): Min: 0.1, Avg: 0.1, Max: 0.1, Diff: 0.0, Sum: 0.5]
         [Processed Buffers: Min: 0, Avg: 2.3, Max: 3, Diff: 3, Sum: 9]
      [Scan RS (ms): Min: 0.0, Avg: 0.0, Max: 0.0, Diff: 0.0, Sum: 0.0]
      [Code Root Scanning (ms): Min: 0.0, Avg: 0.0, Max: 0.0, Diff: 0.0, Sum: 0.0]
      [Object Copy (ms): Min: 3.7, Avg: 3.7, Max: 3.8, Diff: 0.1, Sum: 14.9]
      [Termination (ms): Min: 0.0, Avg: 0.1, Max: 0.1, Diff: 0.1, Sum: 0.3]
      [GC Worker Other (ms): Min: 0.0, Avg: 0.0, Max: 0.0, Diff: 0.0, Sum: 0.0]
      [GC Worker Total (ms): Min: 4.0, Avg: 4.0, Max: 4.1, Diff: 0.1, Sum: 16.2]
      [GC Worker End (ms): Min: 359.8, Avg: 359.8, Max: 359.8, Diff: 0.0]
   [Code Root Fixup: 0.0 ms]
   [Code Root Purge: 0.0 ms]
   [Clear CT: 0.0 ms]
   [Other: 1.2 ms]
      [Choose CSet: 0.0 ms]
      [Ref Proc: 0.1 ms]
      [Ref Enq: 0.0 ms]
      [Redirty Cards: 0.0 ms]
      [Humongous Reclaim: 0.0 ms]
      [Free CSet: 0.0 ms]
   [Eden: 62.0M(62.0M)->0.0B(86.0M) Survivors: 9216.0K->9216.0K Heap: 151.7M(512.0M)->102.2M(512.0M)]
 [Times: user=0.00 sys=0.00, real=0.03 secs]
2021-01-18T16:02:42.309+0800: [GC pause (G1 Evacuation Pause) (young), 0.0072163 secs]
   [Parallel Time: 5.6 ms, GC Workers: 4]
      [GC Worker Start (ms): Min: 414.5, Avg: 414.5, Max: 414.6, Diff: 0.1]
      [Ext Root Scanning (ms): Min: 0.1, Avg: 0.2, Max: 0.2, Diff: 0.1, Sum: 0.7]
      [Update RS (ms): Min: 0.2, Avg: 0.2, Max: 0.2, Diff: 0.1, Sum: 0.9]
         [Processed Buffers: Min: 2, Avg: 4.0, Max: 5, Diff: 3, Sum: 16]
      [Scan RS (ms): Min: 0.0, Avg: 0.0, Max: 0.0, Diff: 0.0, Sum: 0.0]
      [Code Root Scanning (ms): Min: 0.0, Avg: 0.0, Max: 0.0, Diff: 0.0, Sum: 0.0]
      [Object Copy (ms): Min: 5.0, Avg: 5.0, Max: 5.0, Diff: 0.0, Sum: 20.0]
      [Termination (ms): Min: 0.0, Avg: 0.1, Max: 0.2, Diff: 0.2, Sum: 0.4]
      [GC Worker Other (ms): Min: 0.0, Avg: 0.0, Max: 0.0, Diff: 0.0, Sum: 0.1]
      [GC Worker Total (ms): Min: 5.4, Avg: 5.5, Max: 5.6, Diff: 0.2, Sum: 22.0]
      [GC Worker End (ms): Min: 420.0, Avg: 420.1, Max: 420.1, Diff: 0.2]
   [Code Root Fixup: 0.0 ms]
   [Code Root Purge: 0.0 ms]
   [Clear CT: 0.1 ms]
   [Other: 1.5 ms]
      [Choose CSet: 0.0 ms]
      [Ref Proc: 0.1 ms]
      [Ref Enq: 0.0 ms]
      [Redirty Cards: 0.0 ms]
      [Humongous Reclaim: 0.1 ms]
      [Free CSet: 0.0 ms]
   [Eden: 86.0M(86.0M)->0.0B(114.0M) Survivors: 9216.0K->12.0M Heap: 214.8M(512.0M)->139.0M(512.0M)]
 [Times: user=0.02 sys=0.05, real=0.05 secs]
2021-01-18T16:02:42.391+0800: [GC pause (G1 Evacuation Pause) (young), 0.0088379 secs]
   [Parallel Time: 8.0 ms, GC Workers: 4]
      [GC Worker Start (ms): Min: 496.2, Avg: 496.2, Max: 496.2, Diff: 0.0]
      [Ext Root Scanning (ms): Min: 0.1, Avg: 0.1, Max: 0.1, Diff: 0.0, Sum: 0.5]
      [Update RS (ms): Min: 0.2, Avg: 0.2, Max: 0.2, Diff: 0.0, Sum: 0.9]
         [Processed Buffers: Min: 0, Avg: 3.8, Max: 5, Diff: 5, Sum: 15]
      [Scan RS (ms): Min: 0.0, Avg: 0.0, Max: 0.0, Diff: 0.0, Sum: 0.0]
      [Code Root Scanning (ms): Min: 0.0, Avg: 0.0, Max: 0.0, Diff: 0.0, Sum: 0.0]
      [Object Copy (ms): Min: 7.5, Avg: 7.5, Max: 7.5, Diff: 0.0, Sum: 30.1]
      [Termination (ms): Min: 0.0, Avg: 0.0, Max: 0.1, Diff: 0.1, Sum: 0.2]
      [GC Worker Other (ms): Min: 0.0, Avg: 0.0, Max: 0.0, Diff: 0.0, Sum: 0.0]
      [GC Worker Total (ms): Min: 7.9, Avg: 7.9, Max: 8.0, Diff: 0.0, Sum: 31.8]
      [GC Worker End (ms): Min: 504.1, Avg: 504.1, Max: 504.1, Diff: 0.0]
   [Code Root Fixup: 0.0 ms]
   [Code Root Purge: 0.0 ms]
   [Clear CT: 0.0 ms]
   [Other: 0.8 ms]
      [Choose CSet: 0.0 ms]
      [Ref Proc: 0.1 ms]
      [Ref Enq: 0.0 ms]
      [Redirty Cards: 0.0 ms]
      [Humongous Reclaim: 0.1 ms]
      [Free CSet: 0.1 ms]
   [Eden: 114.0M(114.0M)->0.0B(202.0M) Survivors: 12.0M->16.0M Heap: 279.9M(512.0M)->182.0M(512.0M)]
 [Times: user=0.00 sys=0.00, real=0.05 secs]
2021-01-18T16:02:42.469+0800: [GC pause (G1 Humongous Allocation) (young) (initial-mark), 0.0074778 secs]
   [Parallel Time: 6.5 ms, GC Workers: 4]
      [GC Worker Start (ms): Min: 573.4, Avg: 573.5, Max: 573.6, Diff: 0.2]
      [Ext Root Scanning (ms): Min: 0.0, Avg: 0.1, Max: 0.2, Diff: 0.2, Sum: 0.5]
      [Update RS (ms): Min: 0.1, Avg: 0.2, Max: 0.2, Diff: 0.1, Sum: 0.7]
         [Processed Buffers: Min: 0, Avg: 3.0, Max: 4, Diff: 4, Sum: 12]
      [Scan RS (ms): Min: 0.0, Avg: 0.0, Max: 0.0, Diff: 0.0, Sum: 0.1]
      [Code Root Scanning (ms): Min: 0.0, Avg: 0.0, Max: 0.0, Diff: 0.0, Sum: 0.0]
      [Object Copy (ms): Min: 5.7, Avg: 5.7, Max: 5.8, Diff: 0.1, Sum: 22.9]
      [Termination (ms): Min: 0.0, Avg: 0.2, Max: 0.4, Diff: 0.4, Sum: 0.7]
      [GC Worker Other (ms): Min: 0.0, Avg: 0.0, Max: 0.0, Diff: 0.0, Sum: 0.0]
      [GC Worker Total (ms): Min: 6.1, Avg: 6.2, Max: 6.4, Diff: 0.3, Sum: 25.0]
      [GC Worker End (ms): Min: 579.6, Avg: 579.7, Max: 579.9, Diff: 0.3]
   [Code Root Fixup: 0.0 ms]
   [Code Root Purge: 0.0 ms]
   [Clear CT: 0.1 ms]
   [Other: 0.9 ms]
      [Choose CSet: 0.0 ms]
      [Ref Proc: 0.2 ms]
      [Ref Enq: 0.0 ms]
      [Redirty Cards: 0.0 ms]
      [Humongous Reclaim: 0.1 ms]
      [Free CSet: 0.1 ms]
   [Eden: 109.0M(202.0M)->0.0B(157.0M) Survivors: 16.0M->28.0M Heap: 313.4M(512.0M)->219.8M(512.0M)]
 [Times: user=0.00 sys=0.00, real=0.04 secs]
2021-01-18T16:02:42.510+0800: [GC concurrent-root-region-scan-start]
2021-01-18T16:02:42.515+0800: [GC concurrent-root-region-scan-end, 0.0048310 secs]
2021-01-18T16:02:42.520+0800: [GC concurrent-mark-start]
2021-01-18T16:02:42.524+0800: [GC concurrent-mark-end, 0.0039867 secs]
2021-01-18T16:02:42.525+0800: [GC remark [Finalize Marking, 0.0001843 secs] [GC ref-proc, 0.0001109 secs] [Unloading, 0.0005355 secs], 0.0016173 secs]
 [Times: user=0.00 sys=0.00, real=0.00 secs]
2021-01-18T16:02:42.532+0800: [GC cleanup 284M->270M(512M), 0.0003690 secs]
 [Times: user=0.00 sys=0.00, real=0.00 secs]
2021-01-18T16:02:42.535+0800: [GC concurrent-cleanup-start]
2021-01-18T16:02:42.536+0800: [GC concurrent-cleanup-end, 0.0006185 secs]
2021-01-18T16:02:42.574+0800: [GC pause (G1 Evacuation Pause) (young) (to-space exhausted), 0.0094154 secs]
   [Parallel Time: 8.3 ms, GC Workers: 4]
      [GC Worker Start (ms): Min: 679.1, Avg: 679.1, Max: 679.1, Diff: 0.0]
      [Ext Root Scanning (ms): Min: 0.1, Avg: 0.1, Max: 0.1, Diff: 0.0, Sum: 0.5]
      [Update RS (ms): Min: 0.2, Avg: 0.2, Max: 0.3, Diff: 0.1, Sum: 0.9]
         [Processed Buffers: Min: 0, Avg: 3.3, Max: 5, Diff: 5, Sum: 13]
      [Scan RS (ms): Min: 0.0, Avg: 0.0, Max: 0.0, Diff: 0.0, Sum: 0.1]
      [Code Root Scanning (ms): Min: 0.0, Avg: 0.0, Max: 0.0, Diff: 0.0, Sum: 0.0]
      [Object Copy (ms): Min: 7.8, Avg: 7.9, Max: 7.9, Diff: 0.0, Sum: 31.4]
      [Termination (ms): Min: 0.0, Avg: 0.0, Max: 0.0, Diff: 0.0, Sum: 0.0]
      [GC Worker Other (ms): Min: 0.0, Avg: 0.0, Max: 0.0, Diff: 0.0, Sum: 0.1]
      [GC Worker Total (ms): Min: 8.2, Avg: 8.2, Max: 8.3, Diff: 0.0, Sum: 33.0]
      [GC Worker End (ms): Min: 687.4, Avg: 687.4, Max: 687.4, Diff: 0.0]
   [Code Root Fixup: 0.0 ms]
   [Code Root Purge: 0.0 ms]
   [Clear CT: 0.1 ms]
   [Other: 1.1 ms]
      [Evacuation Failure: 0.3 ms]
      [Choose CSet: 0.0 ms]
      [Ref Proc: 0.1 ms]
      [Ref Enq: 0.0 ms]
      [Redirty Cards: 0.0 ms]
      [Humongous Reclaim: 0.1 ms]
      [Free CSet: 0.1 ms]
   [Eden: 157.0M(157.0M)->0.0B(2048.0K) Survivors: 28.0M->24.0M Heap: 407.2M(512.0M)->334.7M(512.0M)]
 [Times: user=0.03 sys=0.03, real=0.03 secs]
2021-01-18T16:02:42.600+0800: [GC pause (G1 Evacuation Pause) (mixed), 0.0039817 secs]
   [Parallel Time: 3.6 ms, GC Workers: 4]
      [GC Worker Start (ms): Min: 704.6, Avg: 704.7, Max: 704.7, Diff: 0.0]
      [Ext Root Scanning (ms): Min: 0.1, Avg: 0.1, Max: 0.1, Diff: 0.0, Sum: 0.6]
      [Update RS (ms): Min: 0.1, Avg: 0.1, Max: 0.1, Diff: 0.1, Sum: 0.4]
         [Processed Buffers: Min: 1, Avg: 2.5, Max: 4, Diff: 3, Sum: 10]
      [Scan RS (ms): Min: 0.0, Avg: 0.0, Max: 0.1, Diff: 0.0, Sum: 0.1]
      [Code Root Scanning (ms): Min: 0.0, Avg: 0.0, Max: 0.0, Diff: 0.0, Sum: 0.0]
      [Object Copy (ms): Min: 3.2, Avg: 3.2, Max: 3.3, Diff: 0.1, Sum: 12.9]
      [Termination (ms): Min: 0.0, Avg: 0.1, Max: 0.1, Diff: 0.1, Sum: 0.3]
      [GC Worker Other (ms): Min: 0.0, Avg: 0.0, Max: 0.0, Diff: 0.0, Sum: 0.0]
      [GC Worker Total (ms): Min: 3.6, Avg: 3.6, Max: 3.6, Diff: 0.0, Sum: 14.3]
      [GC Worker End (ms): Min: 708.2, Avg: 708.2, Max: 708.2, Diff: 0.0]
   [Code Root Fixup: 0.0 ms]
   [Code Root Purge: 0.0 ms]
   [Clear CT: 0.0 ms]
   [Other: 0.3 ms]
      [Choose CSet: 0.0 ms]
      [Ref Proc: 0.0 ms]
      [Ref Enq: 0.0 ms]
      [Redirty Cards: 0.0 ms]
      [Humongous Reclaim: 0.0 ms]
      [Free CSet: 0.0 ms]
   [Eden: 2048.0K(2048.0K)->0.0B(75.0M) Survivors: 24.0M->2048.0K Heap: 336.7M(512.0M)->321.3M(512.0M)]
 [Times: user=0.00 sys=0.00, real=0.04 secs]
2021-01-18T16:02:42.635+0800: [GC pause (G1 Humongous Allocation) (young) (initial-mark), 0.0008012 secs]
   [Parallel Time: 0.3 ms, GC Workers: 4]
      [GC Worker Start (ms): Min: 739.9, Avg: 739.9, Max: 739.9, Diff: 0.0]
      [Ext Root Scanning (ms): Min: 0.1, Avg: 0.1, Max: 0.1, Diff: 0.0, Sum: 0.5]
      [Update RS (ms): Min: 0.1, Avg: 0.1, Max: 0.2, Diff: 0.1, Sum: 0.5]
         [Processed Buffers: Min: 1, Avg: 1.3, Max: 2, Diff: 1, Sum: 5]
      [Scan RS (ms): Min: 0.0, Avg: 0.0, Max: 0.0, Diff: 0.0, Sum: 0.0]
      [Code Root Scanning (ms): Min: 0.0, Avg: 0.0, Max: 0.0, Diff: 0.0, Sum: 0.0]
      [Object Copy (ms): Min: 0.0, Avg: 0.0, Max: 0.1, Diff: 0.1, Sum: 0.1]
      [Termination (ms): Min: 0.0, Avg: 0.0, Max: 0.1, Diff: 0.1, Sum: 0.1]
      [GC Worker Other (ms): Min: 0.0, Avg: 0.0, Max: 0.0, Diff: 0.0, Sum: 0.0]
      [GC Worker Total (ms): Min: 0.3, Avg: 0.3, Max: 0.3, Diff: 0.0, Sum: 1.3]
      [GC Worker End (ms): Min: 740.2, Avg: 740.3, Max: 740.3, Diff: 0.0]
   [Code Root Fixup: 0.0 ms]
   [Code Root Purge: 0.0 ms]
   [Clear CT: 0.0 ms]
   [Other: 0.4 ms]
      [Choose CSet: 0.0 ms]
      [Ref Proc: 0.0 ms]
      [Ref Enq: 0.0 ms]
      [Redirty Cards: 0.0 ms]
      [Humongous Reclaim: 0.0 ms]
      [Free CSet: 0.0 ms]
   [Eden: 2048.0K(75.0M)->0.0B(80.0M) Survivors: 2048.0K->1024.0K Heap: 322.6M(512.0M)->321.2M(512.0M)]
 [Times: user=0.00 sys=0.00, real=0.02 secs]
2021-01-18T16:02:42.659+0800: [GC concurrent-root-region-scan-start]
2021-01-18T16:02:42.660+0800: [GC concurrent-root-region-scan-end, 0.0005352 secs]
2021-01-18T16:02:42.660+0800: [GC concurrent-mark-start]
2021-01-18T16:02:42.663+0800: [GC concurrent-mark-end, 0.0032119 secs]
2021-01-18T16:02:42.665+0800: [GC remark [Finalize Marking, 0.0000786 secs] [GC ref-proc, 0.0000742 secs] [Unloading, 0.0004181 secs], 0.0012645 secs]
 [Times: user=0.00 sys=0.00, real=0.00 secs]
2021-01-18T16:02:42.672+0800: [GC cleanup 348M->342M(512M), 0.0004278 secs]
 [Times: user=0.00 sys=0.00, real=0.00 secs]
2021-01-18T16:02:42.673+0800: [GC concurrent-cleanup-start]
2021-01-18T16:02:42.673+0800: [GC concurrent-cleanup-end, 0.0004413 secs]
2021-01-18T16:02:42.689+0800: [GC pause (G1 Evacuation Pause) (young), 0.0041417 secs]
   [Parallel Time: 3.7 ms, GC Workers: 4]
      [GC Worker Start (ms): Min: 793.7, Avg: 793.7, Max: 793.8, Diff: 0.0]
      [Ext Root Scanning (ms): Min: 0.1, Avg: 0.1, Max: 0.1, Diff: 0.0, Sum: 0.5]
      [Update RS (ms): Min: 0.2, Avg: 0.2, Max: 0.3, Diff: 0.1, Sum: 0.9]
         [Processed Buffers: Min: 0, Avg: 3.5, Max: 5, Diff: 5, Sum: 14]
      [Scan RS (ms): Min: 0.0, Avg: 0.0, Max: 0.0, Diff: 0.0, Sum: 0.0]
      [Code Root Scanning (ms): Min: 0.0, Avg: 0.0, Max: 0.0, Diff: 0.0, Sum: 0.0]
      [Object Copy (ms): Min: 3.1, Avg: 3.2, Max: 3.3, Diff: 0.1, Sum: 12.7]
      [Termination (ms): Min: 0.0, Avg: 0.1, Max: 0.1, Diff: 0.1, Sum: 0.3]
      [GC Worker Other (ms): Min: 0.0, Avg: 0.0, Max: 0.0, Diff: 0.0, Sum: 0.0]
      [GC Worker Total (ms): Min: 3.6, Avg: 3.6, Max: 3.6, Diff: 0.0, Sum: 14.5]
      [GC Worker End (ms): Min: 797.4, Avg: 797.4, Max: 797.4, Diff: 0.0]
   [Code Root Fixup: 0.0 ms]
   [Code Root Purge: 0.0 ms]
   [Clear CT: 0.0 ms]
   [Other: 0.4 ms]
      [Choose CSet: 0.0 ms]
      [Ref Proc: 0.1 ms]
      [Ref Enq: 0.0 ms]
      [Redirty Cards: 0.0 ms]
      [Humongous Reclaim: 0.1 ms]
      [Free CSet: 0.1 ms]
   [Eden: 80.0M(80.0M)->0.0B(14.0M) Survivors: 1024.0K->11.0M Heap: 414.1M(512.0M)->350.4M(512.0M)]
 [Times: user=0.00 sys=0.00, real=0.03 secs]
2021-01-18T16:02:42.723+0800: [GC pause (G1 Evacuation Pause) (mixed), 0.0063999 secs]
   [Parallel Time: 4.4 ms, GC Workers: 4]
      [GC Worker Start (ms): Min: 829.2, Avg: 829.2, Max: 829.2, Diff: 0.0]
      [Ext Root Scanning (ms): Min: 0.1, Avg: 0.2, Max: 0.2, Diff: 0.0, Sum: 0.6]
      [Update RS (ms): Min: 0.2, Avg: 0.2, Max: 0.3, Diff: 0.1, Sum: 0.9]
         [Processed Buffers: Min: 0, Avg: 3.8, Max: 6, Diff: 6, Sum: 15]
      [Scan RS (ms): Min: 0.0, Avg: 0.0, Max: 0.1, Diff: 0.0, Sum: 0.1]
      [Code Root Scanning (ms): Min: 0.0, Avg: 0.0, Max: 0.0, Diff: 0.0, Sum: 0.0]
      [Object Copy (ms): Min: 3.8, Avg: 3.9, Max: 3.9, Diff: 0.1, Sum: 15.5]
      [Termination (ms): Min: 0.0, Avg: 0.1, Max: 0.1, Diff: 0.1, Sum: 0.4]
      [GC Worker Other (ms): Min: 0.0, Avg: 0.0, Max: 0.0, Diff: 0.0, Sum: 0.0]
      [GC Worker Total (ms): Min: 4.4, Avg: 4.4, Max: 4.4, Diff: 0.0, Sum: 17.6]
      [GC Worker End (ms): Min: 833.5, Avg: 833.6, Max: 833.6, Diff: 0.0]
   [Code Root Fixup: 0.0 ms]
   [Code Root Purge: 0.0 ms]
   [Clear CT: 0.1 ms]
   [Other: 1.9 ms]
      [Choose CSet: 0.0 ms]
      [Ref Proc: 0.1 ms]
      [Ref Enq: 0.0 ms]
      [Redirty Cards: 0.0 ms]
      [Humongous Reclaim: 0.1 ms]
      [Free CSet: 0.1 ms]
   [Eden: 14.0M(14.0M)->0.0B(21.0M) Survivors: 11.0M->4096.0K Heap: 371.4M(512.0M)->310.4M(512.0M)]
 [Times: user=0.00 sys=0.00, real=0.03 secs]
2021-01-18T16:02:42.759+0800: [GC pause (G1 Evacuation Pause) (mixed), 0.0066433 secs]
   [Parallel Time: 6.1 ms, GC Workers: 4]
      [GC Worker Start (ms): Min: 863.4, Avg: 864.0, Max: 865.5, Diff: 2.0]
      [Ext Root Scanning (ms): Min: 0.0, Avg: 0.1, Max: 0.2, Diff: 0.2, Sum: 0.6]
      [Update RS (ms): Min: 0.0, Avg: 0.3, Max: 0.4, Diff: 0.4, Sum: 1.2]
         [Processed Buffers: Min: 0, Avg: 5.3, Max: 10, Diff: 10, Sum: 21]
      [Scan RS (ms): Min: 0.0, Avg: 0.0, Max: 0.1, Diff: 0.0, Sum: 0.2]
      [Code Root Scanning (ms): Min: 0.0, Avg: 0.0, Max: 0.0, Diff: 0.0, Sum: 0.0]
      [Object Copy (ms): Min: 3.9, Avg: 5.0, Max: 5.4, Diff: 1.4, Sum: 19.9]
      [Termination (ms): Min: 0.0, Avg: 0.0, Max: 0.1, Diff: 0.1, Sum: 0.2]
      [GC Worker Other (ms): Min: 0.0, Avg: 0.0, Max: 0.0, Diff: 0.0, Sum: 0.1]
      [GC Worker Total (ms): Min: 4.0, Avg: 5.5, Max: 6.1, Diff: 2.1, Sum: 22.1]
      [GC Worker End (ms): Min: 869.5, Avg: 869.5, Max: 869.5, Diff: 0.0]
   [Code Root Fixup: 0.0 ms]
   [Code Root Purge: 0.0 ms]
   [Clear CT: 0.1 ms]
   [Other: 0.5 ms]
      [Choose CSet: 0.0 ms]
      [Ref Proc: 0.0 ms]
      [Ref Enq: 0.0 ms]
      [Redirty Cards: 0.0 ms]
      [Humongous Reclaim: 0.0 ms]
      [Free CSet: 0.1 ms]
   [Eden: 21.0M(21.0M)->0.0B(21.0M) Survivors: 4096.0K->4096.0K Heap: 336.6M(512.0M)->285.5M(512.0M)]
 [Times: user=0.02 sys=0.00, real=0.04 secs]
2021-01-18T16:02:42.801+0800: [GC pause (G1 Evacuation Pause) (mixed), 0.0027469 secs]
   [Parallel Time: 2.3 ms, GC Workers: 4]
      [GC Worker Start (ms): Min: 905.1, Avg: 905.1, Max: 905.1, Diff: 0.0]
      [Ext Root Scanning (ms): Min: 0.1, Avg: 0.1, Max: 0.1, Diff: 0.0, Sum: 0.5]
      [Update RS (ms): Min: 0.2, Avg: 0.2, Max: 0.3, Diff: 0.0, Sum: 1.0]
         [Processed Buffers: Min: 1, Avg: 4.3, Max: 6, Diff: 5, Sum: 17]
      [Scan RS (ms): Min: 0.0, Avg: 0.0, Max: 0.0, Diff: 0.0, Sum: 0.0]
      [Code Root Scanning (ms): Min: 0.0, Avg: 0.0, Max: 0.0, Diff: 0.0, Sum: 0.0]
      [Object Copy (ms): Min: 1.8, Avg: 1.9, Max: 1.9, Diff: 0.0, Sum: 7.4]
      [Termination (ms): Min: 0.0, Avg: 0.0, Max: 0.0, Diff: 0.0, Sum: 0.1]
      [GC Worker Other (ms): Min: 0.0, Avg: 0.0, Max: 0.0, Diff: 0.0, Sum: 0.0]
      [GC Worker Total (ms): Min: 2.3, Avg: 2.3, Max: 2.3, Diff: 0.0, Sum: 9.1]
      [GC Worker End (ms): Min: 907.3, Avg: 907.3, Max: 907.3, Diff: 0.0]
   [Code Root Fixup: 0.0 ms]
   [Code Root Purge: 0.0 ms]
   [Clear CT: 0.0 ms]
   [Other: 0.4 ms]
      [Choose CSet: 0.0 ms]
      [Ref Proc: 0.0 ms]
      [Ref Enq: 0.0 ms]
      [Redirty Cards: 0.0 ms]
      [Humongous Reclaim: 0.0 ms]
      [Free CSet: 0.0 ms]
   [Eden: 21.0M(21.0M)->0.0B(93.0M) Survivors: 4096.0K->4096.0K Heap: 310.3M(512.0M)->291.8M(512.0M)]
 [Times: user=0.00 sys=0.00, real=0.04 secs]
2021-01-18T16:02:42.841+0800: [GC pause (G1 Humongous Allocation) (young) (initial-mark), 0.0023190 secs]
   [Parallel Time: 1.8 ms, GC Workers: 4]
      [GC Worker Start (ms): Min: 945.5, Avg: 945.6, Max: 945.7, Diff: 0.2]
      [Ext Root Scanning (ms): Min: 0.0, Avg: 0.4, Max: 1.1, Diff: 1.1, Sum: 1.7]
      [Update RS (ms): Min: 0.0, Avg: 0.1, Max: 0.3, Diff: 0.3, Sum: 0.5]
         [Processed Buffers: Min: 0, Avg: 1.5, Max: 4, Diff: 4, Sum: 6]
      [Scan RS (ms): Min: 0.0, Avg: 0.0, Max: 0.0, Diff: 0.0, Sum: 0.0]
      [Code Root Scanning (ms): Min: 0.0, Avg: 0.0, Max: 0.0, Diff: 0.0, Sum: 0.0]
      [Object Copy (ms): Min: 0.0, Avg: 0.6, Max: 0.9, Diff: 0.9, Sum: 2.4]
      [Termination (ms): Min: 0.0, Avg: 0.3, Max: 0.5, Diff: 0.5, Sum: 1.0]
      [GC Worker Other (ms): Min: 0.0, Avg: 0.0, Max: 0.0, Diff: 0.0, Sum: 0.0]
      [GC Worker Total (ms): Min: 1.1, Avg: 1.4, Max: 1.7, Diff: 0.6, Sum: 5.8]
      [GC Worker End (ms): Min: 946.8, Avg: 947.0, Max: 947.3, Diff: 0.5]
   [Code Root Fixup: 0.0 ms]
   [Code Root Purge: 0.0 ms]
   [Clear CT: 0.0 ms]
   [Other: 0.5 ms]
      [Choose CSet: 0.0 ms]
      [Ref Proc: 0.1 ms]
      [Ref Enq: 0.0 ms]
      [Redirty Cards: 0.0 ms]
      [Humongous Reclaim: 0.0 ms]
      [Free CSet: 0.0 ms]
   [Eden: 6144.0K(93.0M)->0.0B(96.0M) Survivors: 4096.0K->6144.0K Heap: 297.3M(512.0M)->293.2M(512.0M)]
 [Times: user=0.02 sys=0.00, real=0.02 secs]
2021-01-18T16:02:42.865+0800: [GC concurrent-root-region-scan-start]
2021-01-18T16:02:42.867+0800: [GC concurrent-root-region-scan-end, 0.0013830 secs]
2021-01-18T16:02:42.867+0800: [GC concurrent-mark-start]
2021-01-18T16:02:42.873+0800: [GC concurrent-mark-end, 0.0056944 secs]
2021-01-18T16:02:42.874+0800: [GC remark [Finalize Marking, 0.0001762 secs] [GC ref-proc, 0.0000852 secs] [Unloading, 0.0005705 secs], 0.0018192 secs]
 [Times: user=0.00 sys=0.00, real=0.00 secs]
2021-01-18T16:02:42.879+0800: [GC cleanup 321M->310M(512M), 0.0004131 secs]
 [Times: user=0.00 sys=0.00, real=0.00 secs]
2021-01-18T16:02:42.882+0800: [GC concurrent-cleanup-start]
2021-01-18T16:02:42.888+0800: [GC concurrent-cleanup-end, 0.0054146 secs]
2021-01-18T16:02:42.902+0800: [GC pause (G1 Evacuation Pause) (young), 0.0055278 secs]
   [Parallel Time: 4.7 ms, GC Workers: 4]
      [GC Worker Start (ms): Min: 1006.8, Avg: 1006.8, Max: 1006.8, Diff: 0.0]
      [Ext Root Scanning (ms): Min: 0.1, Avg: 0.1, Max: 0.1, Diff: 0.0, Sum: 0.6]
      [Update RS (ms): Min: 0.3, Avg: 0.3, Max: 0.3, Diff: 0.0, Sum: 1.2]
         [Processed Buffers: Min: 1, Avg: 5.5, Max: 7, Diff: 6, Sum: 22]
      [Scan RS (ms): Min: 0.0, Avg: 0.0, Max: 0.0, Diff: 0.0, Sum: 0.0]
      [Code Root Scanning (ms): Min: 0.0, Avg: 0.0, Max: 0.0, Diff: 0.0, Sum: 0.0]
      [Object Copy (ms): Min: 4.2, Avg: 4.2, Max: 4.2, Diff: 0.0, Sum: 16.7]
      [Termination (ms): Min: 0.0, Avg: 0.0, Max: 0.0, Diff: 0.0, Sum: 0.1]
      [GC Worker Other (ms): Min: 0.0, Avg: 0.0, Max: 0.0, Diff: 0.0, Sum: 0.0]
      [GC Worker Total (ms): Min: 4.7, Avg: 4.7, Max: 4.7, Diff: 0.0, Sum: 18.7]
      [GC Worker End (ms): Min: 1011.5, Avg: 1011.5, Max: 1011.5, Diff: 0.0]
   [Code Root Fixup: 0.0 ms]
   [Code Root Purge: 0.0 ms]
   [Clear CT: 0.0 ms]
   [Other: 0.8 ms]
      [Choose CSet: 0.0 ms]
      [Ref Proc: 0.0 ms]
      [Ref Enq: 0.0 ms]
      [Redirty Cards: 0.0 ms]
      [Humongous Reclaim: 0.1 ms]
      [Free CSet: 0.1 ms]
   [Eden: 96.0M(96.0M)->0.0B(12.0M) Survivors: 6144.0K->13.0M Heap: 405.1M(512.0M)->324.8M(512.0M)]
 [Times: user=0.06 sys=0.00, real=0.03 secs]
2021-01-18T16:02:42.936+0800: [GC pause (G1 Evacuation Pause) (mixed), 0.0081298 secs]
   [Parallel Time: 7.3 ms, GC Workers: 4]
      [GC Worker Start (ms): Min: 1040.1, Avg: 1040.1, Max: 1040.1, Diff: 0.0]
      [Ext Root Scanning (ms): Min: 0.1, Avg: 0.1, Max: 0.2, Diff: 0.0, Sum: 0.6]
      [Update RS (ms): Min: 0.1, Avg: 0.1, Max: 0.1, Diff: 0.1, Sum: 0.3]
         [Processed Buffers: Min: 1, Avg: 1.3, Max: 2, Diff: 1, Sum: 5]
      [Scan RS (ms): Min: 0.0, Avg: 0.0, Max: 0.1, Diff: 0.1, Sum: 0.2]
      [Code Root Scanning (ms): Min: 0.0, Avg: 0.0, Max: 0.0, Diff: 0.0, Sum: 0.0]
      [Object Copy (ms): Min: 6.5, Avg: 6.5, Max: 6.5, Diff: 0.0, Sum: 26.1]
      [Termination (ms): Min: 0.0, Avg: 0.3, Max: 0.4, Diff: 0.4, Sum: 1.2]
      [GC Worker Other (ms): Min: 0.0, Avg: 0.0, Max: 0.0, Diff: 0.0, Sum: 0.0]
      [GC Worker Total (ms): Min: 6.9, Avg: 7.1, Max: 7.2, Diff: 0.4, Sum: 28.5]
      [GC Worker End (ms): Min: 1046.9, Avg: 1047.2, Max: 1047.3, Diff: 0.4]
   [Code Root Fixup: 0.0 ms]
   [Code Root Purge: 0.0 ms]
   [Clear CT: 0.0 ms]
   [Other: 0.8 ms]
      [Choose CSet: 0.0 ms]
      [Ref Proc: 0.1 ms]
      [Ref Enq: 0.0 ms]
      [Redirty Cards: 0.0 ms]
      [Humongous Reclaim: 0.0 ms]
      [Free CSet: 0.1 ms]
   [Eden: 12.0M(12.0M)->0.0B(21.0M) Survivors: 13.0M->4096.0K Heap: 336.8M(512.0M)->301.0M(512.0M)]
 [Times: user=0.02 sys=0.05, real=0.04 secs]
2021-01-18T16:02:42.978+0800: [GC pause (G1 Evacuation Pause) (mixed), 0.0039162 secs]
   [Parallel Time: 1.9 ms, GC Workers: 4]
      [GC Worker Start (ms): Min: 1083.5, Avg: 1083.5, Max: 1083.6, Diff: 0.0]
      [Ext Root Scanning (ms): Min: 0.1, Avg: 0.1, Max: 0.1, Diff: 0.0, Sum: 0.5]
      [Update RS (ms): Min: 0.2, Avg: 0.3, Max: 0.3, Diff: 0.0, Sum: 1.0]
         [Processed Buffers: Min: 1, Avg: 4.8, Max: 6, Diff: 5, Sum: 19]
      [Scan RS (ms): Min: 0.0, Avg: 0.0, Max: 0.0, Diff: 0.0, Sum: 0.0]
      [Code Root Scanning (ms): Min: 0.0, Avg: 0.0, Max: 0.0, Diff: 0.0, Sum: 0.0]
      [Object Copy (ms): Min: 1.4, Avg: 1.4, Max: 1.4, Diff: 0.0, Sum: 5.6]
      [Termination (ms): Min: 0.0, Avg: 0.0, Max: 0.0, Diff: 0.0, Sum: 0.0]
      [GC Worker Other (ms): Min: 0.0, Avg: 0.0, Max: 0.0, Diff: 0.0, Sum: 0.0]
      [GC Worker Total (ms): Min: 1.8, Avg: 1.8, Max: 1.8, Diff: 0.0, Sum: 7.3]
      [GC Worker End (ms): Min: 1085.4, Avg: 1085.4, Max: 1085.4, Diff: 0.0]
   [Code Root Fixup: 0.0 ms]
   [Code Root Purge: 0.0 ms]
   [Clear CT: 0.0 ms]
   [Other: 2.0 ms]
      [Choose CSet: 0.0 ms]
      [Ref Proc: 0.1 ms]
      [Ref Enq: 0.0 ms]
      [Redirty Cards: 0.0 ms]
      [Humongous Reclaim: 0.0 ms]
      [Free CSet: 0.0 ms]
   [Eden: 21.0M(21.0M)->0.0B(82.0M) Survivors: 4096.0K->4096.0K Heap: 325.0M(512.0M)->306.3M(512.0M)]
 [Times: user=0.00 sys=0.00, real=0.04 secs]
2021-01-18T16:02:43.015+0800: [GC pause (G1 Humongous Allocation) (young) (initial-mark), 0.0018200 secs]
   [Parallel Time: 0.7 ms, GC Workers: 4]
      [GC Worker Start (ms): Min: 1120.3, Avg: 1120.3, Max: 1120.3, Diff: 0.0]
      [Ext Root Scanning (ms): Min: 0.1, Avg: 0.1, Max: 0.1, Diff: 0.0, Sum: 0.6]
      [Update RS (ms): Min: 0.0, Avg: 0.1, Max: 0.1, Diff: 0.0, Sum: 0.2]
         [Processed Buffers: Min: 1, Avg: 1.3, Max: 2, Diff: 1, Sum: 5]
      [Scan RS (ms): Min: 0.0, Avg: 0.0, Max: 0.0, Diff: 0.0, Sum: 0.0]
      [Code Root Scanning (ms): Min: 0.0, Avg: 0.0, Max: 0.0, Diff: 0.0, Sum: 0.0]
      [Object Copy (ms): Min: 0.4, Avg: 0.4, Max: 0.5, Diff: 0.0, Sum: 1.8]
      [Termination (ms): Min: 0.0, Avg: 0.0, Max: 0.1, Diff: 0.1, Sum: 0.1]
      [GC Worker Other (ms): Min: 0.0, Avg: 0.0, Max: 0.0, Diff: 0.0, Sum: 0.0]
      [GC Worker Total (ms): Min: 0.7, Avg: 0.7, Max: 0.7, Diff: 0.0, Sum: 2.7]
      [GC Worker End (ms): Min: 1121.0, Avg: 1121.0, Max: 1121.0, Diff: 0.0]
   [Code Root Fixup: 0.0 ms]
   [Code Root Purge: 0.0 ms]
   [Clear CT: 0.0 ms]
   [Other: 1.1 ms]
      [Choose CSet: 0.0 ms]
      [Ref Proc: 0.0 ms]
      [Ref Enq: 0.0 ms]
      [Redirty Cards: 0.0 ms]
      [Humongous Reclaim: 0.0 ms]
      [Free CSet: 0.0 ms]
   [Eden: 2048.0K(82.0M)->0.0B(80.0M) Survivors: 4096.0K->5120.0K Heap: 307.6M(512.0M)->306.8M(512.0M)]
 [Times: user=0.00 sys=0.00, real=0.02 secs]
2021-01-18T16:02:43.040+0800执行结束!共生成对象次数:4486:
[GC concurrent-root-region-scan-start]
2021-01-18T16:02:43.041+0800: [GC concurrent-root-region-scan-end, 0.0010072 secs]
2021-01-18T16:02:43.041+0800: [GC concurrent-mark-start]
2021-01-18T16:02:43.044+0800: [GC concurrent-mark-end, 0.0023040 secs]
2021-01-18T16:02:43.046+0800: [GC remark [Finalize Marking, 0.0001142 secs] [GC ref-proc, 0.0000927 secs] [Unloading, 0.0004798 secs], 0.0015441 secs]
 [Times: user=0.00 sys=0.00, real=0.00 secs]
2021-01-18T16:02:43.051+0800: [GC cleanup 308M->302M(512M), 0.0003907 secs]
 [Times: user=0.00 sys=0.00, real=0.00 secs]
2021-01-18T16:02:43.053+0800: [GC concurrent-cleanup-start]
2021-01-18T16:02:43.053+0800: [GC concurrent-cleanup-end, 0.0004698 secs]
Heap
 garbage-first heap   total 524288K, used 308737K [0x00000000e0000000, 0x00000000e0101000, 0x0000000100000000)
  region size 1024K, 6 young (6144K), 5 survivors (5120K)
 Metaspace       used 2626K, capacity 4486K, committed 4864K, reserved 1056768K
  class space    used 283K, capacity 386K, committed 512K, reserved 1048576K